PE4#show vrf  
  Name                             Default RD            Protocols   Interfaces
  10DATA                           64555:10              ipv4        Lo10
  20CCTV                           64555:20              ipv4        
  30IPTV                           64555:30              ipv4        
PE4#


PE1#show vrf 
  Name                             Default RD            Protocols   Interfaces
  10DATA                           64555:10              ipv4        Lo10
  20CCTV                           64555:20              ipv4        
  30IPTV                           64555:30              ipv4    
  
  
  PE4#show run inter lo 10               
Building configuration...

Current configuration : 91 bytes
!
interface Loopback10
 vrf forwarding 10DATA
 ip address 10.10.10.14 255.255.255.255
end


 PE1#show run inter lo 10
Building configuration...

Current configuration : 91 bytes
!
interface Loopback10
 vrf forwarding 10DATA
 ip address 10.10.10.11 255.255.255.255
end

PE1#
E1#show ip bgp vpnv4 vrf  10DATA
BGP table version is 14, local router ID is 10.1.3.11
Status codes: s suppressed, d damped, h history, * valid, > best, i - internal, 
              r RIB-failure, S Stale, m multipath, b backup-path, f RT-Filter, 
              x best-external, a additional-path, c RIB-compressed, 
              t secondary path, L long-lived-stale,
Origin codes: i - IGP, e - EGP, ? - incomplete
RPKI validation codes: V valid, I invalid, N Not found

     Network          Next Hop            Metric LocPrf Weight Path
Route Distinguisher: 64555:10 (default for vrf 10DATA)
 *>   10.10.10.11/32   0.0.0.0                  0         32768 ?
 * i  10.10.10.14/32   10.1.3.14                0    100      0 ?
 *>i                   10.1.3.14                0    100      0 ?
 
 PE1#show ip bgp vpnv4 vrf  10DATA 10.10.1.1
% Network not in table
PE1#show ip bgp vpnv4 vrf  10DATA 10.10.10.11
BGP routing table entry for 64555:10:10.10.10.11/32, version 2
Paths: (1 available, best #1, table 10DATA)
  Advertised to update-groups:
     1         
  Refresh Epoch 1
  Local
    0.0.0.0 (via vrf 10DATA) from 0.0.0.0 (10.1.3.11)
      Origin incomplete, metric 0, localpref 100, weight 32768, valid, sourced, best
      Extended Community: RT:64555:10
      mpls labels in/out 311013/nolabel(10DATA)
      rx pathid: 0, tx pathid: 0x0
      Updated on Mar 7 2024 16:30:41 UTC
	  PE1#show ip bgp vpnv4 vrf  10DATA 10.10.10.14
BGP routing table entry for 64555:10:10.10.10.14/32, version 10
Paths: (2 available, best #2, table 10DATA)
  Flag: 0x100
  Not advertised to any peer
  Refresh Epoch 1
  Local
    10.1.3.14 (metric 20) (via default) from 10.1.3.2 (10.1.3.2)
      Origin incomplete, metric 0, localpref 100, valid, internal
      Extended Community: RT:64555:10
      Originator: 10.1.3.14, Cluster list: 10.1.3.255
      mpls labels in/out nolabel/314013
      rx pathid: 0, tx pathid: 0
      Updated on Mar 7 2024 18:34:31 UTC
  Refresh Epoch 1
  Local
    10.1.3.14 (metric 20) (via default) from 10.1.3.1 (10.1.3.1)
      Origin incomplete, metric 0, localpref 100, valid, internal, best
      Extended Community: RT:64555:10
      Originator: 10.1.3.14, Cluster list: 10.1.3.255
      mpls labels in/out nolabel/314013
      rx pathid: 0, tx pathid: 0x0
      Updated on Mar 7 2024 18:34:31 UTC
	  
	  PE1#show ip bgp vpnv4 vrf  10DATA  labels 
   Network          Next Hop      In label/Out label
Route Distinguisher: 64555:10 (10DATA)
   10.10.10.11/32   0.0.0.0         311013/nolabel(10DATA)
   10.10.10.14/32   10.1.3.14       nolabel/314013
                    10.1.3.14       nolabel/314013

PE4#ping vrf 10DATA 10.10.10.11 source 10.10.10.14
Type escape sequence to abort.
Sending 5, 100-byte ICMP Echos to 10.10.10.11, timeout is 2 seconds:
Packet sent with a source address of 10.10.10.14 
!!!!!
Success rate is 100 percent (5/5), round-trip min/avg/max = 1/1/3 ms
PE4#
 
